
   ╭─────────────────────────────────────────╮
   │                                         │
   │   Update available! 10.33.0 → 11.8.0.   │
   │   Changelog: https://pnpm.io/v/11.8.0   │
   │    To update, run: pnpm add -g pnpm     │
   │                                         │
   ╰─────────────────────────────────────────╯

Progress: resolved 0, reused 1, downloaded 0, added 0
Progress: resolved 263, reused 212, downloaded 20, added 0
Progress: resolved 485, reused 353, downloaded 63, added 0
Packages: +76
++++++++++++++++++++++++++++++++++++++++++++++++++++++++++++++++++++++++++++
Progress: resolved 506, reused 360, downloaded 75, added 76, done

dependencies:
+ @hookform/resolvers 5.4.0
+ @radix-ui/react-avatar 1.2.0
+ @radix-ui/react-dialog 1.1.17
+ @radix-ui/react-dropdown-menu 2.1.18
+ @radix-ui/react-label 2.1.10
+ @radix-ui/react-select 2.3.1
+ @radix-ui/react-separator 1.1.10
+ @radix-ui/react-slot 1.3.0
+ @radix-ui/react-switch 1.3.1
+ @radix-ui/react-tabs 1.1.15
+ @radix-ui/react-tooltip 1.2.10
+ @supabase/ssr 0.12.0
+ @supabase/supabase-js 2.108.2
+ class-variance-authority 0.7.1
+ clsx 2.1.1
+ date-fns 4.4.0
+ lucide-react 1.21.0
+ next-themes 0.4.6
+ react-hook-form 7.80.0
+ resend 6.14.0
+ sonner 2.0.7
+ stripe 22.2.3
+ tailwind-merge 3.6.0
+ zod 4.4.3

Done in 3.3s using pnpm v10.33.0
Progress: resolved 1, reused 0, downloaded 0, added 0
Progress: resolved 141, reused 119, downloaded 0, added 0
Packages: +1
+
Progress: resolved 507, reused 435, downloaded 1, added 1, done

devDependencies:
+ tw-animate-css 1.4.0

Done in 2.3s using pnpm v10.33.0
